>>> type(42)
<class 'int'>

>>> int('32')
32
>>> int('Hello')
ValueError: invalid literal for int(): Hello

>>> int(3.99999)
3
>>> int(-2.3)
-2
float converts integers and strings to floating-point numbers:
>>> float(32)
32.0
>>> float('3.14159')
3.14159

>>> str(32)
'32'
>>> str(3.14159)
'3.14159'